// Jest Snapshot v1, https://goo.gl/fbAQLP

exports[`renders correctly 1`] = `
<button
  className="ui compact button"
  id="complete_3"
  onClick={[Function]}
>
  Complete
</button>
`;
